I'm sorry, but errors were detected in your script. Please correct the
errors listed below, and try again.


File "game/screens.rpy", line 1367: style property opacity is not known.
    opacity 0.5
           ^

Ren'Py Version: Ren'Py 8.4.1.25072401
Fri Oct  3 23:08:28 2025
